var handleChange;

handleChange = event => {
  return event.preventDefault();
};
