var a;

a = () => {
  var b;
  console.info(this);
  return b = () => {
    return console.info(this);
  };
};
