var handleChange;

handleChange = event => {
  return console.info(this.foo);
};
