var jQueryPlugin;

import jQueryPluginImport from "jquery-plugin";
const jQueryPlugin = jQueryPluginImport($);
