import anonymousImport from 'jquery-plugin';
anonymousImport($);
