var a, i, len;

for (let a of b) {
  console.info(a);
}
