var Foo;

Foo = Backbone.Model.extend({
  constructor() {
    Backbone.Model.prototype.constructor.apply(this, arguments);
    console.info('constructor');
  }
});
