var handleChange;

handleChange = function(param=true) {
  return console.info(param);
};
