var a, i, j, len;

b.forEach((a, i) => {
  console.info(a);
});
