({
  method(args) {
    return console.info(args);
  }
});
