var i, j, len;

for (i = j = 0, len = foo.length; j < len; i = ++j) {
  var a = foo[i];
  console.info(a, i);
}
